Parsed test spec with 2 sessions

starting permutation: s1 s2 s1r s2u s2c s1r s1c
step s1: BEGIN transaction isolation level SERIALIZABLE;  finished.
step s2: BEGIN transaction isolation level SERIALIZABLE;  finished.
step s1r: SELECT * FROM foo;  finished.
key|value
---+-----
  1|    1
(1 row)

step s2u: UPDATE foo SET key = 3;  finished.
step s2c: COMMIT;  finished.
step s1r: SELECT * FROM foo;  finished.
key|value
---+-----
  1|    1
(1 row)

step s1c: COMMIT;  finished.
