Parsed test spec with 2 sessions

starting permutation: s1 s2 s1r s2r s1w1 s1w2 s1c s2r s2c
step s1: BEGIN transaction isolation level SERIALIZABLE;  finished.
step s2: BEGIN transaction isolation level SERIALIZABLE;  finished.
step s1r: SELECT * FROM foo;  finished.
key|value
---+-----
 50|   50
(1 row)

step s2r: SELECT * FROM foo;  finished.
key|value
---+-----
 50|   50
(1 row)

step s1w1: UPDATE foo SET key=25;  finished.
step s1w2: UPDATE foo SET value=75;  finished.
step s1c: COMMIT;  finished.
step s2r: SELECT * FROM foo;  finished.
key|value
---+-----
 50|   50
(1 row)

step s2c: COMMIT;  finished.
