Parsed test spec with 2 sessions

starting permutation: s1 s2 s2u s1r s2c s1r s1c
step s1: BEGIN transaction isolation level SERIALIZABLE;  finished.
step s2: BEGIN transaction isolation level read committed;  finished.
step s2u: UPDATE foo SET key = 3;  finished.
step s1r: SELECT * FROM foo;  finished.
key|value
---+-----
  1|    1
(1 row)

step s2c: ROLLBACK;  finished.
step s1r: SELECT * FROM foo;  finished.
key|value
---+-----
  1|    1
(1 row)

step s1c: COMMIT;  finished.
