Parsed test spec with 2 sessions

starting permutation: s1 s2 s1r s2r s1w1 s2w1 s1c s2c
step s1: BEGIN transaction isolation level SERIALIZABLE;  finished.
step s2: BEGIN transaction isolation level read committed;  finished.
step s1r: SELECT * FROM foo;  finished.
key|value
---+-----
 40|   40
(1 row)

step s2r: SELECT * FROM foo;  finished.
key|value
---+-----
 40|   40
(1 row)

step s1w1: UPDATE foo SET key=50;  finished.
step s2w1: UPDATE foo SET value=50; <waiting ...>
step s1c: COMMIT;  finished.
step s2w1: <... completed>
step s2c: COMMIT;  finished.
