Parsed test spec with 2 sessions

starting permutation: s1i s1u s1c s2i s2u s2c
step s1i: INSERT INTO child VALUES (1, 1);  finished.
step s1u: UPDATE parent SET aux = 'bar';  finished.
step s1c: COMMIT;  finished.
step s2i: INSERT INTO child VALUES (2, 1);  finished.
step s2u: UPDATE parent SET aux = 'baz';  finished.
step s2c: COMMIT;  finished.

starting permutation: s1i s1u s2i s1c s2u s2c
step s1i: INSERT INTO child VALUES (1, 1);  finished.
step s1u: UPDATE parent SET aux = 'bar';  finished.
step s2i: INSERT INTO child VALUES (2, 1);  finished.
step s1c: COMMIT;  finished.
step s2u: UPDATE parent SET aux = 'baz';  finished.
step s2c: COMMIT;  finished.

starting permutation: s1i s1u s2i s2u s1c s2c
step s1i: INSERT INTO child VALUES (1, 1);  finished.
step s1u: UPDATE parent SET aux = 'bar';  finished.
step s2i: INSERT INTO child VALUES (2, 1);  finished.
step s2u: UPDATE parent SET aux = 'baz'; <waiting ...>
step s1c: COMMIT;  finished.
step s2u: <... completed>
step s2c: COMMIT;  finished.

starting permutation: s1i s2i s1u s1c s2u s2c
step s1i: INSERT INTO child VALUES (1, 1);  finished.
step s2i: INSERT INTO child VALUES (2, 1);  finished.
step s1u: UPDATE parent SET aux = 'bar';  finished.
step s1c: COMMIT;  finished.
step s2u: UPDATE parent SET aux = 'baz';  finished.
step s2c: COMMIT;  finished.

starting permutation: s1i s2i s1u s2u s1c s2c
step s1i: INSERT INTO child VALUES (1, 1);  finished.
step s2i: INSERT INTO child VALUES (2, 1);  finished.
step s1u: UPDATE parent SET aux = 'bar';  finished.
step s2u: UPDATE parent SET aux = 'baz'; <waiting ...>
step s1c: COMMIT;  finished.
step s2u: <... completed>
step s2c: COMMIT;  finished.

starting permutation: s1i s2i s2u s1u s2c s1c
step s1i: INSERT INTO child VALUES (1, 1);  finished.
step s2i: INSERT INTO child VALUES (2, 1);  finished.
step s2u: UPDATE parent SET aux = 'baz';  finished.
step s1u: UPDATE parent SET aux = 'bar'; <waiting ...>
step s2c: COMMIT;  finished.
step s1u: <... completed>
step s1c: COMMIT;  finished.

starting permutation: s1i s2i s2u s2c s1u s1c
step s1i: INSERT INTO child VALUES (1, 1);  finished.
step s2i: INSERT INTO child VALUES (2, 1);  finished.
step s2u: UPDATE parent SET aux = 'baz';  finished.
step s2c: COMMIT;  finished.
step s1u: UPDATE parent SET aux = 'bar';  finished.
step s1c: COMMIT;  finished.

starting permutation: s2i s1i s1u s1c s2u s2c
step s2i: INSERT INTO child VALUES (2, 1);  finished.
step s1i: INSERT INTO child VALUES (1, 1);  finished.
step s1u: UPDATE parent SET aux = 'bar';  finished.
step s1c: COMMIT;  finished.
step s2u: UPDATE parent SET aux = 'baz';  finished.
step s2c: COMMIT;  finished.

starting permutation: s2i s1i s1u s2u s1c s2c
step s2i: INSERT INTO child VALUES (2, 1);  finished.
step s1i: INSERT INTO child VALUES (1, 1);  finished.
step s1u: UPDATE parent SET aux = 'bar';  finished.
step s2u: UPDATE parent SET aux = 'baz'; <waiting ...>
step s1c: COMMIT;  finished.
step s2u: <... completed>
step s2c: COMMIT;  finished.

starting permutation: s2i s1i s2u s1u s2c s1c
step s2i: INSERT INTO child VALUES (2, 1);  finished.
step s1i: INSERT INTO child VALUES (1, 1);  finished.
step s2u: UPDATE parent SET aux = 'baz';  finished.
step s1u: UPDATE parent SET aux = 'bar'; <waiting ...>
step s2c: COMMIT;  finished.
step s1u: <... completed>
step s1c: COMMIT;  finished.

starting permutation: s2i s1i s2u s2c s1u s1c
step s2i: INSERT INTO child VALUES (2, 1);  finished.
step s1i: INSERT INTO child VALUES (1, 1);  finished.
step s2u: UPDATE parent SET aux = 'baz';  finished.
step s2c: COMMIT;  finished.
step s1u: UPDATE parent SET aux = 'bar';  finished.
step s1c: COMMIT;  finished.

starting permutation: s2i s2u s1i s1u s2c s1c
step s2i: INSERT INTO child VALUES (2, 1);  finished.
step s2u: UPDATE parent SET aux = 'baz';  finished.
step s1i: INSERT INTO child VALUES (1, 1);  finished.
step s1u: UPDATE parent SET aux = 'bar'; <waiting ...>
step s2c: COMMIT;  finished.
step s1u: <... completed>
step s1c: COMMIT;  finished.

starting permutation: s2i s2u s1i s2c s1u s1c
step s2i: INSERT INTO child VALUES (2, 1);  finished.
step s2u: UPDATE parent SET aux = 'baz';  finished.
step s1i: INSERT INTO child VALUES (1, 1);  finished.
step s2c: COMMIT;  finished.
step s1u: UPDATE parent SET aux = 'bar';  finished.
step s1c: COMMIT;  finished.

starting permutation: s2i s2u s2c s1i s1u s1c
step s2i: INSERT INTO child VALUES (2, 1);  finished.
step s2u: UPDATE parent SET aux = 'baz';  finished.
step s2c: COMMIT;  finished.
step s1i: INSERT INTO child VALUES (1, 1);  finished.
step s1u: UPDATE parent SET aux = 'bar';  finished.
step s1c: COMMIT;  finished.
