Parsed test spec with 2 sessions

starting permutation: s1u1 s1u2 s1c s2u1 s2u2 s2c
step s1u1: UPDATE A SET Col1 = 1 WHERE AID = 1;  finished.
step s1u2: UPDATE B SET Col2 = 1 WHERE BID = 2;  finished.
step s1c: COMMIT;  finished.
step s2u1: UPDATE B SET Col2 = 1 WHERE BID = 2;  finished.
step s2u2: UPDATE B SET Col2 = 1 WHERE BID = 2;  finished.
step s2c: COMMIT;  finished.

starting permutation: s1u1 s1u2 s2u1 s1c s2u2 s2c
step s1u1: UPDATE A SET Col1 = 1 WHERE AID = 1;  finished.
step s1u2: UPDATE B SET Col2 = 1 WHERE BID = 2;  finished.
step s2u1: UPDATE B SET Col2 = 1 WHERE BID = 2; <waiting ...>
step s1c: COMMIT;  finished.
step s2u1: <... completed>
step s2u2: UPDATE B SET Col2 = 1 WHERE BID = 2;  finished.
step s2c: COMMIT;  finished.

starting permutation: s1u1 s2u1 s1u2 s2u2 s2c s1c
step s1u1: UPDATE A SET Col1 = 1 WHERE AID = 1;  finished.
step s2u1: UPDATE B SET Col2 = 1 WHERE BID = 2;  finished.
step s1u2: UPDATE B SET Col2 = 1 WHERE BID = 2; <waiting ...>
step s2u2: UPDATE B SET Col2 = 1 WHERE BID = 2;  finished.
step s2c: COMMIT;  finished.
step s1u2: <... completed>
step s1c: COMMIT;  finished.

starting permutation: s1u1 s2u1 s2u2 s1u2 s2c s1c
step s1u1: UPDATE A SET Col1 = 1 WHERE AID = 1;  finished.
step s2u1: UPDATE B SET Col2 = 1 WHERE BID = 2;  finished.
step s2u2: UPDATE B SET Col2 = 1 WHERE BID = 2;  finished.
step s1u2: UPDATE B SET Col2 = 1 WHERE BID = 2; <waiting ...>
step s2c: COMMIT;  finished.
step s1u2: <... completed>
step s1c: COMMIT;  finished.

starting permutation: s1u1 s2u1 s2u2 s2c s1u2 s1c
step s1u1: UPDATE A SET Col1 = 1 WHERE AID = 1;  finished.
step s2u1: UPDATE B SET Col2 = 1 WHERE BID = 2;  finished.
step s2u2: UPDATE B SET Col2 = 1 WHERE BID = 2;  finished.
step s2c: COMMIT;  finished.
step s1u2: UPDATE B SET Col2 = 1 WHERE BID = 2;  finished.
step s1c: COMMIT;  finished.

starting permutation: s2u1 s1u1 s1u2 s2u2 s2c s1c
step s2u1: UPDATE B SET Col2 = 1 WHERE BID = 2;  finished.
step s1u1: UPDATE A SET Col1 = 1 WHERE AID = 1;  finished.
step s1u2: UPDATE B SET Col2 = 1 WHERE BID = 2; <waiting ...>
step s2u2: UPDATE B SET Col2 = 1 WHERE BID = 2;  finished.
step s2c: COMMIT;  finished.
step s1u2: <... completed>
step s1c: COMMIT;  finished.

starting permutation: s2u1 s1u1 s2u2 s1u2 s2c s1c
step s2u1: UPDATE B SET Col2 = 1 WHERE BID = 2;  finished.
step s1u1: UPDATE A SET Col1 = 1 WHERE AID = 1;  finished.
step s2u2: UPDATE B SET Col2 = 1 WHERE BID = 2;  finished.
step s1u2: UPDATE B SET Col2 = 1 WHERE BID = 2; <waiting ...>
step s2c: COMMIT;  finished.
step s1u2: <... completed>
step s1c: COMMIT;  finished.

starting permutation: s2u1 s1u1 s2u2 s2c s1u2 s1c
step s2u1: UPDATE B SET Col2 = 1 WHERE BID = 2;  finished.
step s1u1: UPDATE A SET Col1 = 1 WHERE AID = 1;  finished.
step s2u2: UPDATE B SET Col2 = 1 WHERE BID = 2;  finished.
step s2c: COMMIT;  finished.
step s1u2: UPDATE B SET Col2 = 1 WHERE BID = 2;  finished.
step s1c: COMMIT;  finished.

starting permutation: s2u1 s2u2 s1u1 s1u2 s2c s1c
step s2u1: UPDATE B SET Col2 = 1 WHERE BID = 2;  finished.
step s2u2: UPDATE B SET Col2 = 1 WHERE BID = 2;  finished.
step s1u1: UPDATE A SET Col1 = 1 WHERE AID = 1;  finished.
step s1u2: UPDATE B SET Col2 = 1 WHERE BID = 2; <waiting ...>
step s2c: COMMIT;  finished.
step s1u2: <... completed>
step s1c: COMMIT;  finished.

starting permutation: s2u1 s2u2 s1u1 s2c s1u2 s1c
step s2u1: UPDATE B SET Col2 = 1 WHERE BID = 2;  finished.
step s2u2: UPDATE B SET Col2 = 1 WHERE BID = 2;  finished.
step s1u1: UPDATE A SET Col1 = 1 WHERE AID = 1;  finished.
step s2c: COMMIT;  finished.
step s1u2: UPDATE B SET Col2 = 1 WHERE BID = 2;  finished.
step s1c: COMMIT;  finished.

starting permutation: s2u1 s2u2 s2c s1u1 s1u2 s1c
step s2u1: UPDATE B SET Col2 = 1 WHERE BID = 2;  finished.
step s2u2: UPDATE B SET Col2 = 1 WHERE BID = 2;  finished.
step s2c: COMMIT;  finished.
step s1u1: UPDATE A SET Col1 = 1 WHERE AID = 1;  finished.
step s1u2: UPDATE B SET Col2 = 1 WHERE BID = 2;  finished.
step s1c: COMMIT;  finished.
